Calibrating basic-strategy reference fitness...
Reference fitness: 0.4738

Running GA (300 generations, 100 individuals, 5000 hands)...
Gen   0 | max=0.3814  mean=0.3389  median=0.3397  min=0.2836
Gen   1 | max=0.3847  mean=0.3393  median=0.3419  min=0.2869
Gen   2 | max=0.4008  mean=0.3427  median=0.3421  min=0.2806
Gen   3 | max=0.3920  mean=0.3483  median=0.3503  min=0.2785
Gen   4 | max=0.4130  mean=0.3478  median=0.3477  min=0.2980
Gen   5 | max=0.3961  mean=0.3478  median=0.3448  min=0.2905
Gen   6 | max=0.4039  mean=0.3507  median=0.3501  min=0.3032
Gen   7 | max=0.4101  mean=0.3534  median=0.3540  min=0.3102
Gen   8 | max=0.4014  mean=0.3553  median=0.3565  min=0.3017
Gen   9 | max=0.4047  mean=0.3568  median=0.3580  min=0.3033
Gen  10 | max=0.4114  mean=0.3610  median=0.3625  min=0.3012
Gen  11 | max=0.4174  mean=0.3625  median=0.3632  min=0.3106
Gen  12 | max=0.4080  mean=0.3616  median=0.3614  min=0.3099
Gen  13 | max=0.4216  mean=0.3676  median=0.3689  min=0.3129
Gen  14 | max=0.4231  mean=0.3694  median=0.3688  min=0.3082
Gen  15 | max=0.4211  mean=0.3703  median=0.3700  min=0.2999
Gen  16 | max=0.4248  mean=0.3723  median=0.3737  min=0.3254
Gen  17 | max=0.4267  mean=0.3753  median=0.3734  min=0.3254
Gen  18 | max=0.4374  mean=0.3789  median=0.3797  min=0.3390
Gen  19 | max=0.4286  mean=0.3773  median=0.3768  min=0.3294
Gen  20 | max=0.4331  mean=0.3760  median=0.3741  min=0.3267
Gen  21 | max=0.4264  mean=0.3724  median=0.3690  min=0.3244
Gen  22 | max=0.4313  mean=0.3751  median=0.3744  min=0.3254
Gen  23 | max=0.4331  mean=0.3742  median=0.3729  min=0.3298
Gen  24 | max=0.4269  mean=0.3767  median=0.3761  min=0.3250
Gen  25 | max=0.4299  mean=0.3797  median=0.3770  min=0.3313
Gen  26 | max=0.4252  mean=0.3786  median=0.3762  min=0.3189
Gen  27 | max=0.4283  mean=0.3807  median=0.3783  min=0.3207
Gen  28 | max=0.4361  mean=0.3811  median=0.3768  min=0.3368
Gen  29 | max=0.4397  mean=0.3782  median=0.3782  min=0.3146
Gen  30 | max=0.4373  mean=0.3825  median=0.3821  min=0.3271
Gen  31 | max=0.4368  mean=0.3883  median=0.3873  min=0.3313
Gen  32 | max=0.4290  mean=0.3904  median=0.3932  min=0.3291
Gen  33 | max=0.4401  mean=0.3879  median=0.3854  min=0.3182
Gen  34 | max=0.4333  mean=0.3932  median=0.3911  min=0.3353
Gen  35 | max=0.4351  mean=0.3925  median=0.3906  min=0.3451
Gen  36 | max=0.4396  mean=0.3898  median=0.3879  min=0.3391
Gen  37 | max=0.4377  mean=0.3867  median=0.3853  min=0.3403
Gen  38 | max=0.4385  mean=0.3931  median=0.3951  min=0.3418
Gen  39 | max=0.4292  mean=0.3928  median=0.3928  min=0.3614
Gen  40 | max=0.4325  mean=0.3945  median=0.3930  min=0.3602
Gen  41 | max=0.4416  mean=0.3969  median=0.3970  min=0.3538
Gen  42 | max=0.4435  mean=0.3974  median=0.3980  min=0.3550
Gen  43 | max=0.4267  mean=0.3962  median=0.3967  min=0.3523
Gen  44 | max=0.4358  mean=0.3970  median=0.3976  min=0.3484
Gen  45 | max=0.4336  mean=0.3969  median=0.4002  min=0.3386
Gen  46 | max=0.4312  mean=0.3968  median=0.3994  min=0.3212
Gen  47 | max=0.4308  mean=0.3970  median=0.3982  min=0.3288
Gen  48 | max=0.4377  mean=0.3976  median=0.3981  min=0.3591
Gen  49 | max=0.4336  mean=0.3979  median=0.3975  min=0.3552
Gen  50 | max=0.4340  mean=0.3951  median=0.3980  min=0.3466
Gen  51 | max=0.4366  mean=0.3981  median=0.3993  min=0.3562
Gen  52 | max=0.4435  mean=0.3984  median=0.3988  min=0.3375
Gen  53 | max=0.4360  mean=0.3947  median=0.3967  min=0.3287
Gen  54 | max=0.4356  mean=0.3893  median=0.3916  min=0.3299
Gen  55 | max=0.4280  mean=0.3882  median=0.3942  min=0.3324
Gen  56 | max=0.4413  mean=0.3804  median=0.3811  min=0.3231
Gen  57 | max=0.4271  mean=0.3761  median=0.3768  min=0.3224
Gen  58 | max=0.4310  mean=0.3761  median=0.3775  min=0.3106
Gen  59 | max=0.4405  mean=0.3784  median=0.3804  min=0.2968
Gen  60 | max=0.4274  mean=0.3763  median=0.3774  min=0.3301
Gen  61 | max=0.4340  mean=0.3737  median=0.3756  min=0.3304
Gen  62 | max=0.4438  mean=0.3699  median=0.3696  min=0.3269
Gen  63 | max=0.4387  mean=0.3713  median=0.3688  min=0.3199
Gen  64 | max=0.4345  mean=0.3714  median=0.3704  min=0.3220
Gen  65 | max=0.4286  mean=0.3720  median=0.3683  min=0.3271
Gen  66 | max=0.4308  mean=0.3724  median=0.3692  min=0.3338
Gen  67 | max=0.4411  mean=0.3730  median=0.3711  min=0.3280
Gen  68 | max=0.4381  mean=0.3759  median=0.3721  min=0.3363
Gen  69 | max=0.4460  mean=0.3770  median=0.3712  min=0.3362
Gen  70 | max=0.4321  mean=0.3746  median=0.3713  min=0.3194
Gen  71 | max=0.4342  mean=0.3799  median=0.3701  min=0.3222
Gen  72 | max=0.4448  mean=0.3860  median=0.3827  min=0.3317
Gen  73 | max=0.4405  mean=0.3847  median=0.3813  min=0.3255
Gen  74 | max=0.4406  mean=0.3844  median=0.3828  min=0.3244
Gen  75 | max=0.4381  mean=0.3913  median=0.3923  min=0.3355
Gen  76 | max=0.4388  mean=0.3943  median=0.3961  min=0.3238
Gen  77 | max=0.4348  mean=0.3934  median=0.3993  min=0.3309
Gen  78 | max=0.4445  mean=0.3939  median=0.4009  min=0.3249
Gen  79 | max=0.4394  mean=0.3971  median=0.4043  min=0.3244
Gen  80 | max=0.4306  mean=0.3962  median=0.3987  min=0.3286
Gen  81 | max=0.4426  mean=0.3921  median=0.3986  min=0.3314
Gen  82 | max=0.4221  mean=0.3918  median=0.3941  min=0.3264
Gen  83 | max=0.4312  mean=0.3895  median=0.3905  min=0.3428
Gen  84 | max=0.4261  mean=0.3867  median=0.3854  min=0.3431
Gen  85 | max=0.4267  mean=0.3856  median=0.3874  min=0.3328
Gen  86 | max=0.4361  mean=0.3851  median=0.3861  min=0.3429
Gen  87 | max=0.4306  mean=0.3818  median=0.3812  min=0.3434
Gen  88 | max=0.4281  mean=0.3800  median=0.3810  min=0.3192
Gen  89 | max=0.4320  mean=0.3772  median=0.3794  min=0.3194
Gen  90 | max=0.4272  mean=0.3770  median=0.3764  min=0.3122
Gen  91 | max=0.4322  mean=0.3792  median=0.3810  min=0.3195
Gen  92 | max=0.4286  mean=0.3798  median=0.3811  min=0.3306
Gen  93 | max=0.4441  mean=0.3758  median=0.3746  min=0.3140
Gen  94 | max=0.4339  mean=0.3770  median=0.3738  min=0.3357
Gen  95 | max=0.4357  mean=0.3753  median=0.3730  min=0.3438
Gen  96 | max=0.4279  mean=0.3738  median=0.3722  min=0.3191
Gen  97 | max=0.4278  mean=0.3683  median=0.3699  min=0.3138
Gen  98 | max=0.4428  mean=0.3694  median=0.3698  min=0.3193
Gen  99 | max=0.4327  mean=0.3732  median=0.3740  min=0.3218
Gen 100 | max=0.4252  mean=0.3693  median=0.3686  min=0.3193
Gen 101 | max=0.4248  mean=0.3673  median=0.3676  min=0.3107
Gen 102 | max=0.4274  mean=0.3705  median=0.3706  min=0.3257
Gen 103 | max=0.4188  mean=0.3658  median=0.3669  min=0.3215
Gen 104 | max=0.4181  mean=0.3627  median=0.3591  min=0.3077
Gen 105 | max=0.4141  mean=0.3623  median=0.3642  min=0.3083
Gen 106 | max=0.4309  mean=0.3613  median=0.3571  min=0.3179
Gen 107 | max=0.4214  mean=0.3610  median=0.3594  min=0.3118
Gen 108 | max=0.4211  mean=0.3631  median=0.3639  min=0.3085
Gen 109 | max=0.4274  mean=0.3644  median=0.3629  min=0.3026
Gen 110 | max=0.4247  mean=0.3620  median=0.3628  min=0.2885
Gen 111 | max=0.4149  mean=0.3629  median=0.3616  min=0.2968
Gen 112 | max=0.4239  mean=0.3626  median=0.3617  min=0.3132
Gen 113 | max=0.4205  mean=0.3595  median=0.3584  min=0.3095
Gen 114 | max=0.4218  mean=0.3610  median=0.3581  min=0.3050
Gen 115 | max=0.4400  mean=0.3622  median=0.3594  min=0.2898
Gen 116 | max=0.4357  mean=0.3625  median=0.3605  min=0.3067
Gen 117 | max=0.4205  mean=0.3645  median=0.3660  min=0.2845
Gen 118 | max=0.4338  mean=0.3671  median=0.3646  min=0.3139
Gen 119 | max=0.4324  mean=0.3695  median=0.3688  min=0.3147
Gen 120 | max=0.4268  mean=0.3703  median=0.3710  min=0.3156
Gen 121 | max=0.4252  mean=0.3716  median=0.3718  min=0.3187
Gen 122 | max=0.4198  mean=0.3698  median=0.3704  min=0.3112
Gen 123 | max=0.4223  mean=0.3690  median=0.3679  min=0.3255
Gen 124 | max=0.4250  mean=0.3681  median=0.3655  min=0.3204
Gen 125 | max=0.4203  mean=0.3668  median=0.3657  min=0.3184
Gen 126 | max=0.4209  mean=0.3706  median=0.3669  min=0.3292
Gen 127 | max=0.4290  mean=0.3728  median=0.3725  min=0.3250
Gen 128 | max=0.4220  mean=0.3747  median=0.3749  min=0.3215
Gen 129 | max=0.4192  mean=0.3740  median=0.3707  min=0.3263
Gen 130 | max=0.4160  mean=0.3752  median=0.3754  min=0.3162
Gen 131 | max=0.4179  mean=0.3727  median=0.3724  min=0.3212
Gen 132 | max=0.4246  mean=0.3711  median=0.3730  min=0.3093
Gen 133 | max=0.4276  mean=0.3680  median=0.3668  min=0.3197
Gen 134 | max=0.4181  mean=0.3669  median=0.3674  min=0.3095
Gen 135 | max=0.4223  mean=0.3638  median=0.3651  min=0.3185
Gen 136 | max=0.4173  mean=0.3645  median=0.3665  min=0.3128
Gen 137 | max=0.4032  mean=0.3649  median=0.3676  min=0.3018
Gen 138 | max=0.4462  mean=0.3619  median=0.3599  min=0.3018
Gen 139 | max=0.4404  mean=0.3635  median=0.3619  min=0.3117
Gen 140 | max=0.4346  mean=0.3670  median=0.3678  min=0.2897
Gen 141 | max=0.4329  mean=0.3661  median=0.3627  min=0.3108
Gen 142 | max=0.4353  mean=0.3657  median=0.3619  min=0.3012
Gen 143 | max=0.4453  mean=0.3692  median=0.3674  min=0.3074
Gen 144 | max=0.4426  mean=0.3720  median=0.3709  min=0.3050
Gen 145 | max=0.4420  mean=0.3746  median=0.3717  min=0.3091
Gen 146 | max=0.4409  mean=0.3786  median=0.3722  min=0.3181
Gen 147 | max=0.4419  mean=0.3853  median=0.3801  min=0.3135
Gen 148 | max=0.4432  mean=0.3915  median=0.3900  min=0.3118
Gen 149 | max=0.4411  mean=0.3894  median=0.3939  min=0.3188
Gen 150 | max=0.4334  mean=0.3857  median=0.3871  min=0.3252
Gen 151 | max=0.4461  mean=0.3900  median=0.3954  min=0.3259
Gen 152 | max=0.4471  mean=0.3871  median=0.3908  min=0.3099
Gen 153 | max=0.4379  mean=0.3889  median=0.3912  min=0.3000
Gen 154 | max=0.4420  mean=0.3968  median=0.3989  min=0.3357
Gen 155 | max=0.4508  mean=0.3995  median=0.3999  min=0.3334
Gen 156 | max=0.4400  mean=0.4024  median=0.4041  min=0.3421
Gen 157 | max=0.4500  mean=0.4033  median=0.4040  min=0.3372
Gen 158 | max=0.4401  mean=0.4066  median=0.4083  min=0.3465
Gen 159 | max=0.4440  mean=0.4055  median=0.4068  min=0.3310
Gen 160 | max=0.4422  mean=0.4070  median=0.4076  min=0.3230
Gen 161 | max=0.4414  mean=0.4071  median=0.4080  min=0.3326
Gen 162 | max=0.4484  mean=0.4085  median=0.4082  min=0.3548
Gen 163 | max=0.4468  mean=0.4091  median=0.4089  min=0.3568
Gen 164 | max=0.4411  mean=0.4068  median=0.4077  min=0.3536
Gen 165 | max=0.4423  mean=0.4055  median=0.4060  min=0.3668
Gen 166 | max=0.4377  mean=0.4010  median=0.4009  min=0.3580
Gen 167 | max=0.4299  mean=0.3992  median=0.4026  min=0.3587
Gen 168 | max=0.4329  mean=0.3947  median=0.3969  min=0.3353
Gen 169 | max=0.4398  mean=0.3886  median=0.3919  min=0.3232
Gen 170 | max=0.4336  mean=0.3871  median=0.3886  min=0.3254
Gen 171 | max=0.4412  mean=0.3842  median=0.3853  min=0.3380
Gen 172 | max=0.4314  mean=0.3829  median=0.3804  min=0.3293
Gen 173 | max=0.4340  mean=0.3799  median=0.3777  min=0.3300
Gen 174 | max=0.4309  mean=0.3793  median=0.3816  min=0.3282
Gen 175 | max=0.4353  mean=0.3785  median=0.3804  min=0.3196
Gen 176 | max=0.4382  mean=0.3784  median=0.3787  min=0.3115
Gen 177 | max=0.4394  mean=0.3745  median=0.3756  min=0.3217
Gen 178 | max=0.4386  mean=0.3764  median=0.3713  min=0.3178
Gen 179 | max=0.4408  mean=0.3787  median=0.3779  min=0.3023
Gen 180 | max=0.4340  mean=0.3782  median=0.3782  min=0.3077
Gen 181 | max=0.4349  mean=0.3756  median=0.3751  min=0.3126
Gen 182 | max=0.4357  mean=0.3736  median=0.3710  min=0.3075
Gen 183 | max=0.4426  mean=0.3760  median=0.3790  min=0.2794
Gen 184 | max=0.4355  mean=0.3772  median=0.3780  min=0.3092
Gen 185 | max=0.4354  mean=0.3774  median=0.3811  min=0.3043
Gen 186 | max=0.4347  mean=0.3804  median=0.3835  min=0.3245
Gen 187 | max=0.4342  mean=0.3767  median=0.3779  min=0.3160
Gen 188 | max=0.4377  mean=0.3748  median=0.3740  min=0.2982
Gen 189 | max=0.4445  mean=0.3694  median=0.3692  min=0.2857
Gen 190 | max=0.4363  mean=0.3741  median=0.3754  min=0.3141
Gen 191 | max=0.4386  mean=0.3748  median=0.3732  min=0.3104
Gen 192 | max=0.4400  mean=0.3767  median=0.3770  min=0.2980
Gen 193 | max=0.4360  mean=0.3757  median=0.3792  min=0.3038
Gen 194 | max=0.4474  mean=0.3726  median=0.3730  min=0.3073
Gen 195 | max=0.4306  mean=0.3746  median=0.3757  min=0.3072
Gen 196 | max=0.4406  mean=0.3706  median=0.3673  min=0.3184
Gen 197 | max=0.4350  mean=0.3720  median=0.3706  min=0.3215
Gen 198 | max=0.4353  mean=0.3728  median=0.3699  min=0.3068
Gen 199 | max=0.4299  mean=0.3724  median=0.3709  min=0.3209
Gen 200 | max=0.4483  mean=0.3734  median=0.3717  min=0.3166
Gen 201 | max=0.4461  mean=0.3750  median=0.3742  min=0.3184
Gen 202 | max=0.4467  mean=0.3752  median=0.3720  min=0.3175
Gen 203 | max=0.4641  mean=0.3810  median=0.3775  min=0.3106
Gen 204 | max=0.4541  mean=0.3823  median=0.3770  min=0.3118
Gen 205 | max=0.4510  mean=0.3855  median=0.3802  min=0.3217
Gen 206 | max=0.4494  mean=0.3856  median=0.3831  min=0.3162
Gen 207 | max=0.4577  mean=0.3923  median=0.3921  min=0.3216
Gen 208 | max=0.4500  mean=0.3999  median=0.4013  min=0.3351
Gen 209 | max=0.4543  mean=0.3978  median=0.3962  min=0.3412
Gen 210 | max=0.4528  mean=0.4001  median=0.4030  min=0.3433
Gen 211 | max=0.4531  mean=0.4019  median=0.4069  min=0.3234
Gen 212 | max=0.4432  mean=0.4059  median=0.4117  min=0.3355
Gen 213 | max=0.4459  mean=0.4027  median=0.4083  min=0.3302
Gen 214 | max=0.4479  mean=0.3988  median=0.4022  min=0.3477
Gen 215 | max=0.4496  mean=0.3926  median=0.3925  min=0.3428
Gen 216 | max=0.4396  mean=0.3950  median=0.3948  min=0.3407
Gen 217 | max=0.4389  mean=0.3905  median=0.3925  min=0.3294
Gen 218 | max=0.4386  mean=0.3897  median=0.3894  min=0.3306
Gen 219 | max=0.4364  mean=0.3872  median=0.3880  min=0.3253
Gen 220 | max=0.4366  mean=0.3861  median=0.3860  min=0.3410
Gen 221 | max=0.4299  mean=0.3815  median=0.3857  min=0.3124
Gen 222 | max=0.4282  mean=0.3811  median=0.3842  min=0.3050
Gen 223 | max=0.4387  mean=0.3755  median=0.3790  min=0.2988
Gen 224 | max=0.4399  mean=0.3774  median=0.3775  min=0.2965
Gen 225 | max=0.4286  mean=0.3790  median=0.3782  min=0.3093
Gen 226 | max=0.4399  mean=0.3779  median=0.3805  min=0.3041
Gen 227 | max=0.4376  mean=0.3773  median=0.3765  min=0.3078
Gen 228 | max=0.4402  mean=0.3769  median=0.3762  min=0.3120
Gen 229 | max=0.4361  mean=0.3761  median=0.3775  min=0.3237
Gen 230 | max=0.4321  mean=0.3715  median=0.3690  min=0.3076
Gen 231 | max=0.4336  mean=0.3665  median=0.3688  min=0.2884
Gen 232 | max=0.4391  mean=0.3725  median=0.3691  min=0.3054
Gen 233 | max=0.4411  mean=0.3695  median=0.3686  min=0.2925
Gen 234 | max=0.4414  mean=0.3679  median=0.3639  min=0.2831
Gen 235 | max=0.4399  mean=0.3676  median=0.3682  min=0.2912
Gen 236 | max=0.4441  mean=0.3666  median=0.3654  min=0.2986
Gen 237 | max=0.4365  mean=0.3706  median=0.3701  min=0.3186
Gen 238 | max=0.4401  mean=0.3752  median=0.3738  min=0.3266
Gen 239 | max=0.4403  mean=0.3765  median=0.3784  min=0.3161
Gen 240 | max=0.4367  mean=0.3731  median=0.3791  min=0.3091
Gen 241 | max=0.4361  mean=0.3732  median=0.3773  min=0.3108
Gen 242 | max=0.4310  mean=0.3746  median=0.3778  min=0.3077
Gen 243 | max=0.4341  mean=0.3772  median=0.3797  min=0.3066
Gen 244 | max=0.4230  mean=0.3775  median=0.3789  min=0.3069
Gen 245 | max=0.4322  mean=0.3787  median=0.3804  min=0.3226
Gen 246 | max=0.4272  mean=0.3761  median=0.3766  min=0.3068
Gen 247 | max=0.4281  mean=0.3744  median=0.3717  min=0.3158
Gen 248 | max=0.4415  mean=0.3762  median=0.3724  min=0.3257
Gen 249 | max=0.4346  mean=0.3737  median=0.3759  min=0.3227
Gen 250 | max=0.4253  mean=0.3712  median=0.3691  min=0.3225
Gen 251 | max=0.4315  mean=0.3695  median=0.3697  min=0.3088
Gen 252 | max=0.4245  mean=0.3699  median=0.3690  min=0.3069
Gen 253 | max=0.4180  mean=0.3642  median=0.3638  min=0.2978
Gen 254 | max=0.4179  mean=0.3653  median=0.3670  min=0.3110
Gen 255 | max=0.4221  mean=0.3649  median=0.3674  min=0.3098
Gen 256 | max=0.4233  mean=0.3661  median=0.3679  min=0.3067
Gen 257 | max=0.4340  mean=0.3698  median=0.3671  min=0.3002
Gen 258 | max=0.4302  mean=0.3693  median=0.3678  min=0.2875
Gen 259 | max=0.4404  mean=0.3664  median=0.3660  min=0.2975
Gen 260 | max=0.4367  mean=0.3670  median=0.3684  min=0.3115
Gen 261 | max=0.4277  mean=0.3673  median=0.3648  min=0.3138
Gen 262 | max=0.4254  mean=0.3665  median=0.3669  min=0.3088
Gen 263 | max=0.4249  mean=0.3582  median=0.3594  min=0.3013
Gen 264 | max=0.4301  mean=0.3626  median=0.3639  min=0.3035
Gen 265 | max=0.4313  mean=0.3665  median=0.3671  min=0.3115
Gen 266 | max=0.4337  mean=0.3700  median=0.3720  min=0.3096
Gen 267 | max=0.4405  mean=0.3731  median=0.3725  min=0.3199
Gen 268 | max=0.4249  mean=0.3729  median=0.3711  min=0.3198
Gen 269 | max=0.4308  mean=0.3726  median=0.3779  min=0.3220
Gen 270 | max=0.4247  mean=0.3729  median=0.3739  min=0.3203
Gen 271 | max=0.4268  mean=0.3699  median=0.3690  min=0.3172
Gen 272 | max=0.4299  mean=0.3680  median=0.3641  min=0.3121
Gen 273 | max=0.4332  mean=0.3664  median=0.3662  min=0.3034
Gen 274 | max=0.4240  mean=0.3686  median=0.3684  min=0.3050
Gen 275 | max=0.4303  mean=0.3684  median=0.3681  min=0.3125
Gen 276 | max=0.4200  mean=0.3727  median=0.3721  min=0.3152
Gen 277 | max=0.4285  mean=0.3688  median=0.3641  min=0.3263
Gen 278 | max=0.4327  mean=0.3689  median=0.3658  min=0.3249
Gen 279 | max=0.4363  mean=0.3711  median=0.3692  min=0.3149
Gen 280 | max=0.4269  mean=0.3709  median=0.3689  min=0.3248
Gen 281 | max=0.4338  mean=0.3694  median=0.3670  min=0.3271
Gen 282 | max=0.4367  mean=0.3697  median=0.3701  min=0.3085
Gen 283 | max=0.4270  mean=0.3652  median=0.3625  min=0.2972
Gen 284 | max=0.4330  mean=0.3641  median=0.3597  min=0.3129
Gen 285 | max=0.4271  mean=0.3643  median=0.3603  min=0.3015
Gen 286 | max=0.4266  mean=0.3639  median=0.3647  min=0.3081
Gen 287 | max=0.4300  mean=0.3673  median=0.3689  min=0.3098
Gen 288 | max=0.4232  mean=0.3706  median=0.3748  min=0.3052
Gen 289 | max=0.4237  mean=0.3725  median=0.3756  min=0.3073
Gen 290 | max=0.4265  mean=0.3732  median=0.3754  min=0.3157
Gen 291 | max=0.4236  mean=0.3716  median=0.3718  min=0.3213
Gen 292 | max=0.4209  mean=0.3690  median=0.3717  min=0.3152
Gen 293 | max=0.4218  mean=0.3684  median=0.3682  min=0.3037
Gen 294 | max=0.4186  mean=0.3698  median=0.3693  min=0.3198
Gen 295 | max=0.4130  mean=0.3672  median=0.3684  min=0.3119
Gen 296 | max=0.4108  mean=0.3657  median=0.3669  min=0.3156
Gen 297 | max=0.4136  mean=0.3662  median=0.3677  min=0.2804
Gen 298 | max=0.4134  mean=0.3654  median=0.3659  min=0.2930
Gen 299 | max=0.4118  mean=0.3625  median=0.3603  min=0.2918
Saved final_population.npy and history.json
Saved convergence.png

Done.
